// Jest Snapshot v1, https://goo.gl/fbAQLP

exports[`UpdateMethod should rename files 1`] = `
Array [
  "testOutput/Afile",
  "testOutput/fileB",
  "testOutput/fileC",
  "testOutput/folderAfterRename/subFolder/files",
  "testOutput/newFolder/newFilename",
]
`;
